To honour the JVM settings for this build a single-use Daemon process will be forked. For more on this, please refer to https://docs.gradle.org/8.10.2/userguide/gradle_daemon.html#sec:disabling_the_daemon in the Gradle documentation.
Daemon will be stopped at the end of the build 

> Configure project :app
WARNING: The option setting 'android.overridePathCheck=true' is experimental.
The current default is 'false'.
Renaming APK: app-armeabi-v7a-debug.apk -> tv_live_debug_armeabi-v7a_2.0.60.apk
Renaming APK: app-arm64-v8a-debug.apk -> tv_live_debug_arm64-v8a_2.0.60.apk
Renaming APK: app-armeabi-v7a-release.apk -> tv_live_release_armeabi-v7a_2.0.60.apk
Renaming APK: app-arm64-v8a-release.apk -> tv_live_release_arm64-v8a_2.0.60.apk

> Task :app:preBuild UP-TO-DATE
> Task :app:preReleaseBuild UP-TO-DATE
> Task :app:mergeReleaseNativeDebugMetadata NO-SOURCE
> Task :app:mergeReleaseArtProfile
> Task :app:generateReleaseBuildConfig
> Task :app:javaPreCompileRelease
> Task :app:checkReleaseDuplicateClasses
> Task :app:expandReleaseL8ArtProfileWildcards
> Task :app:generateReleaseResValues
> Task :app:checkReleaseAarMetadata
> Task :app:mapReleaseSourceSetPaths
> Task :app:generateReleaseResources
> Task :app:packageReleaseResources
> Task :app:createReleaseCompatibleScreenManifests
> Task :app:extractDeepLinksRelease
> Task :app:mergeReleaseResources
> Task :app:parseReleaseLocalResources
> Task :app:processReleaseMainManifest
> Task :app:processReleaseManifest
> Task :app:extractProguardFiles
> Task :app:processReleaseJavaRes NO-SOURCE
> Task :app:mergeReleaseStartupProfile UP-TO-DATE
> Task :app:mergeReleaseShaders
> Task :app:compileReleaseShaders NO-SOURCE
> Task :app:generateReleaseAssets UP-TO-DATE
> Task :app:mergeReleaseAssets
> Task :app:compressReleaseAssets
> Task :app:extractReleaseVersionControlInfo
> Task :app:collectReleaseDependencies
> Task :app:sdkReleaseDependencyData
> Task :app:configureCMakeRelWithDebInfo[arm64-v8a]
> Task :app:mergeReleaseJavaResource
> Task :app:buildCMakeRelWithDebInfo[arm64-v8a]
> Task :app:configureCMakeRelWithDebInfo[armeabi-v7a]
> Task :app:buildCMakeRelWithDebInfo[armeabi-v7a]
> Task :app:mergeReleaseJniLibFolders
> Task :app:validateSigningRelease
> Task :app:writeReleaseAppMetadata
> Task :app:writeReleaseSigningConfigVersions
> Task :app:processReleaseManifestForPackage
> Task :app:mergeReleaseNativeLibs

> Task :app:stripReleaseDebugSymbols
Unable to strip the following libraries, packaging them as they are: libBugly.so, libc++_shared.so, libhycrypto.so, libhydeviceid.so, libhyssl.so, libmmkv.so.

> Task :app:processReleaseResources

> Task :app:compileReleaseJavaWithJavac
.\gradlew.bat : 注: 某些输入文件使用或覆盖了已过时的 API。
At line:15 char:2609
+ ... Live\AH-main"; .\gradlew.bat assembleRelease --no-daemon 2>&1 | Tee-O ...
+                    ~~~~~~~~~~~~~~~~~~~~~~~~~~~~~~~~~~~~~~~~~~~~~~
    + CategoryInfo          : NotSpecified: (注: 某些输入文件使用或覆盖了已过时的 API。:String) [], RemoteException
    + FullyQualifiedErrorId : NativeCommandError
 
注: 有关详细信息, 请使用 -Xlint:deprecation 重新编译。

> Task :app:mergeReleaseGeneratedProguardFiles UP-TO-DATE
> Task :app:optimizeReleaseResources
> Task :app:expandReleaseArtProfileWildcards
> Task :app:minifyReleaseWithR8
> Task :app:l8DexDesugarLibRelease
> Task :app:compileReleaseArtProfile
> Task :app:packageRelease
> Task :app:createReleaseApkListingFileRedirect
> Task :app:assembleRelease

BUILD SUCCESSFUL in 2m 6s
47 actionable tasks: 45 executed, 2 up-to-date
