To honour the JVM settings for this build a single-use Daemon process will be forked. For more on this, please refer to https://docs.gradle.org/8.10.2/userguide/gradle_daemon.html#sec:disabling_the_daemon in the Gradle documentation.
Daemon will be stopped at the end of the build 

> Configure project :app
WARNING: The option setting 'android.overridePathCheck=true' is experimental.
The current default is 'false'.
Renaming APK: app-armeabi-v7a-debug.apk -> tv_live_debug_armeabi-v7a_2.0.60.apk
Renaming APK: app-arm64-v8a-debug.apk -> tv_live_debug_arm64-v8a_2.0.60.apk
Renaming APK: app-armeabi-v7a-release.apk -> tv_live_release_armeabi-v7a_2.0.60.apk
Renaming APK: app-arm64-v8a-release.apk -> tv_live_release_arm64-v8a_2.0.60.apk
WARNING: API 'variantOutput.getProcessResources()' is obsolete and has been replaced with 'variantOutput.getProcessResourcesProvider()'.
It will be removed in version 9.0 of the Android Gradle plugin.
For more information, see https://d.android.com/r/tools/task-configuration-avoidance.
To determine what is calling variantOutput.getProcessResources(), use -Pandroid.debug.obsoleteApi=true on the command line to display more information.

> Task :app:preBuild UP-TO-DATE
> Task :app:preReleaseBuild UP-TO-DATE
> Task :app:mergeReleaseNativeDebugMetadata NO-SOURCE
> Task :app:mergeReleaseArtProfile UP-TO-DATE
> Task :app:expandReleaseL8ArtProfileWildcards UP-TO-DATE
> Task :app:generateReleaseBuildConfig UP-TO-DATE
> Task :app:javaPreCompileRelease UP-TO-DATE
> Task :app:checkReleaseDuplicateClasses
> Task :app:generateReleaseResValues UP-TO-DATE
> Task :app:checkReleaseAarMetadata
> Task :app:mapReleaseSourceSetPaths UP-TO-DATE
> Task :app:generateReleaseResources UP-TO-DATE
> Task :app:mergeReleaseResources UP-TO-DATE
> Task :app:packageReleaseResources UP-TO-DATE
> Task :app:parseReleaseLocalResources UP-TO-DATE
> Task :app:createReleaseCompatibleScreenManifests UP-TO-DATE
> Task :app:extractDeepLinksRelease UP-TO-DATE
> Task :app:processReleaseMainManifest
> Task :app:processReleaseManifest UP-TO-DATE
> Task :app:processReleaseManifestForPackage UP-TO-DATE
> Task :app:extractProguardFiles UP-TO-DATE
> Task :app:processReleaseJavaRes NO-SOURCE
> Task :app:mergeReleaseStartupProfile UP-TO-DATE
> Task :app:mergeReleaseShaders UP-TO-DATE
> Task :app:compileReleaseShaders NO-SOURCE
> Task :app:generateReleaseAssets UP-TO-DATE
> Task :app:mergeReleaseAssets UP-TO-DATE
> Task :app:compressReleaseAssets UP-TO-DATE
> Task :app:extractReleaseVersionControlInfo UP-TO-DATE
> Task :app:collectReleaseDependencies
> Task :app:sdkReleaseDependencyData
> Task :app:mergeReleaseJniLibFolders UP-TO-DATE
> Task :app:validateSigningRelease UP-TO-DATE
> Task :app:writeReleaseAppMetadata UP-TO-DATE
> Task :app:writeReleaseSigningConfigVersions UP-TO-DATE
> Task :app:mergeReleaseJavaResource
> Task :app:mergeReleaseNativeLibs
> Task :app:stripReleaseDebugSymbols

> Task :app:processReleaseResources
NDK strip tool not found (os=windows 11, prebuilt=windows-x86_64) — skipping SO symbol stripping
NDK strip tool not found (os=windows 11, prebuilt=windows-x86_64) — skipping SO symbol stripping

> Task :app:compileReleaseJavaWithJavac
.\gradlew.bat : 注: 某些输入文件使用或覆盖了已过时的 API。
At line:15 char:2579
+ ... pgrep\bin'; .\gradlew.bat :app:assembleRelease --no-daemon 2>&1 | Tee ...
+                 ~~~~~~~~~~~~~~~~~~~~~~~~~~~~~~~~~~~~~~~~~~~~~~~~~~~
    + CategoryInfo          : NotSpecified: (注: 某些输入文件使用或覆盖了已过时的 API。:String) [], RemoteException
    + FullyQualifiedErrorId : NativeCommandError
 
注: 有关详细信息, 请使用 -Xlint:deprecation 重新编译。

> Task :app:mergeReleaseGeneratedProguardFiles UP-TO-DATE
> Task :app:convertLinkedResourcesToProtoRelease UP-TO-DATE
> Task :app:expandReleaseArtProfileWildcards
> Task :app:minifyReleaseWithR8
> Task :app:l8DexDesugarLibRelease
> Task :app:compileReleaseArtProfile
> Task :app:shrinkReleaseRes
> Task :app:convertShrunkResourcesToBinaryRelease UP-TO-DATE
> Task :app:optimizeReleaseResources UP-TO-DATE
> Task :app:packageRelease
> Task :app:createReleaseApkListingFileRedirect UP-TO-DATE
> Task :app:assembleRelease

BUILD SUCCESSFUL in 2m 29s
46 actionable tasks: 17 executed, 29 up-to-date
